Script started on Tue 21 Oct 2014 10:45:04 PM PDT
~
jreye028@hammer $ #[Kc[Kcs100[K[K[K[K[K#Testing compiling nn[Kand runnin[K[K[K[K[K[K[K[K[K[K[Kand u[K[Kr[K running of program
~
jreye028@hammer $ cs100[K[K[K[K[Kcs100
[0;91m
===============================================================================
|                                                                             |
| You have enabled settings specific for cs100.                               |
|                                                                             |
===============================================================================
[0m
[s%%%%%%%%%%[u[0;32mjreye028[0;36m@[0;32mcs100[0;36m:[0;32m~[0;95m [0;36m$[0m cd cs100/hw0/rshell/tests[K[K[K[K[K[K
[s%%%%%%%%%%[u[0;32mjreye028[0;36m@[0;32mcs100[0;36m:[0;32m~/cs100/hw0/rshell[0;95m (master) [0;36m$[0m make; bin/rshell
g++ -Wall -Werror -ansi -pedantic src/main.cpp -o ./bin/rshell

$ #Testing comments


$ #T     @ #Testing whtie spa       ite  space input

execvp: No such file or directory

$ #Next  line     line, t testing empty input


$ 


$ # ls #Testing single command

bin  LICENSE  Makefile	README.md  src	tests

$ pwd

/class/classes/jreye028/cs100/hw0/rshell

$ echo hell  o world

hello world

$   #   ls #Testing single command with whites      wh  dife ferentw               re  preceded wh b  by white spa    space.

bin  LICENSE  Makefile	README.md  src	tests

$ # ; pwd; pwd #Testing multiple commands

/class/classes/jreye028/cs100/hw0/rshell

/class/classes/jreye028/cs100/hw0/rshell

$ pwd; ec    ls; echo hello world

/class/classes/jreye028/cs100/hw0/rshell

bin  LICENSE  Makefile	README.md  src	tests

hello world

$ cd #Testing co  command  s that can't run         are not des   able to run.

execvp: No such file or directory

$ #Testing multiple commands with different cases of whitespace separation.


$ pwd; pwd

/class/classes/jreye028/cs100/hw0/rshell

/class/classes/jreye028/cs100/hw0/rshell

$ pwd;pwd

/class/classes/jreye028/cs100/hw0/rshell

/class/classes/jreye028/cs100/hw0/rshell

$ pwd ;pwd

/class/classes/jreye028/cs100/hw0/rshell

/class/classes/jreye028/cs100/hw0/rshell

$ pwd;  ; pwd

/class/classes/jreye028/cs100/hw0/rshell

/class/classes/jreye028/cs100/hw0/rshell

$ pwd && pwd #Testing `&&` cas   behavior.

/class/classes/jreye028/cs100/hw0/rshell

/class/classes/jreye028/cs100/hw0/rshell

$ pwd & pwd #Testing `&` behavior.

pwd: ignoring non-option arguments
/class/classes/jreye028/cs100/hw0/rshell

$ pwd || pwd #Testing `||` behavior.

/class/classes/jreye028/cs100/hw0/rshell

/class/classes/jreye028/cs100/hw0/rshell

$ pwd ` | pwd #Testing \|  `|` behavior.

pwd: ignoring non-option arguments
/class/classes/jreye028/cs100/hw0/rshell

$ # #Testing running rshell in rshell


$ make    make/ ; bin/rshell

g++ -Wall -Werror -ansi -pedantic src/main.cpp -o ./bin/rshell


$ l #Testing commands in rshell, in rhs  shell.


$ pwd

/class/classes/jreye028/cs100/hw0/rshell

$ ls

bin  LICENSE  Makefile	README.md  src	tests

$ pwd  ; ls; echo w hello world

/class/classes/jreye028/cs100/hw0/rshell

bin  LICENSE  Makefile	README.md  src	tests

hello world

$ #Exiting rshell in rshell.


$ exit

$ # eit  xit #Testing e `exit` c followed by comment.

execvp: No such file or directory

$ exit    #Exiting program.


$ exit
[s%%%%%%%%%%[u[0;32mjreye028[0;36m@[0;32mcs100[0;36m:[0;32m~/cs100/hw0/rshell[0;95m (master) [0;36m$[0m exit
exit
~
jreye028@hammer $ exit
exit

Script done on Tue 21 Oct 2014 10:50:43 PM PDT
